// Vitest Snapshot v1, https://vitest.dev/guide/snapshot.html

exports[`renderMarkdown > renders a complex block tree to markdown 1`] = `
"# Markdown Renderer Demo
**Bold** and *italic* with a link[ to Notion](https://www.notion.so) and a mention: [Notion Page](https://www.notion.so/sample-page).
- Top bullet
  - Nested bullet item
1. Numbered item
- [ ] Todo parent
  Todo child paragraph
<details>
<summary>Toggle summary</summary>
  Toggle children rendered inside details
</details>
> Quoted wisdom
> 💡 Remember this tip
> Callout child content
\`\`\`typescript
console.log('Hello Markdown');
\`\`\`
---
![Image caption](https://example.com/image.png)
[Video caption](https://example.com/video.mp4)
[Bookmark caption](https://example.com)
[Embed caption](https://example.com/embed)
$$
E = mc^2
$$
| Column A | Column B |
| --- | --- |
| Value A1 | Value B1 |
<!-- COLUMNS count=2 -->
Column one content

<!-- COLUMN -->

Column two content
<!-- /COLUMNS -->"
`;
